// Jest Snapshot v1, https://goo.gl/fbAQLP

exports[`Header renders correctly 1`] = `
<header>
  <div
    className="flex flex-wrap items-center justify-between max-w-4xl p-4 mx-auto md:px-8"
  >
    <a
      href="/"
    >
      <h1
        className="flex items-center no-underline"
      >
        <span
          className="text-xl font-bold tracking-tight"
        >
          Default Starter
        </span>
      </h1>
    </a>
  </div>
</header>
`;
